src/checkers/types/AnnotationLocation.java:111: error: [assignment] incompatible types in assignment.
        this.location = Collections.unmodifiableList(location);
                                                    ^
  found   : @ReadOnly List<@Mutable Integer>
  required: @Immutable List<@Mutable Integer>
1 error

BUILD FAILED
build.xml:14: The following error occurred while executing this line:
ant.xml:16: Java returned: 1

Total time: 0 seconds
